2025-07-14 01:04:34,095 [AnyIO worker thread] INFO route-service - Rota isteði alýndý: Ýstanbul -> Ankara
2025-07-14 01:08:41,350 [AnyIO worker thread] INFO route-service - Rota isteði alýndý: Ýstanbul -> Ankara
2025-07-14 01:10:27,264 [AnyIO worker thread] INFO route-service - Rota isteði alýndý: Ýstanbul -> Ankara
2025-07-14 01:10:27,527 [AnyIO worker thread] ERROR route-service - Hata oluþtu: REQUEST_DENIED
2025-07-14 01:10:51,264 [AnyIO worker thread] INFO route-service - Rota isteði alýndý: Ýstanbul -> Ankara
2025-07-14 01:10:51,419 [AnyIO worker thread] ERROR route-service - Hata oluþtu: REQUEST_DENIED
2025-07-14 01:12:39,793 [AnyIO worker thread] INFO route-service - Rota isteði alýndý: Ýstanbul -> Ankara
2025-07-14 01:12:39,965 [AnyIO worker thread] ERROR route-service - Hata oluþtu: REQUEST_DENIED
2025-07-14 01:12:58,840 [AnyIO worker thread] INFO route-service - Rota isteði alýndý: Ýstanbul -> Ankara
2025-07-14 01:12:58,988 [AnyIO worker thread] ERROR route-service - Hata oluþtu: REQUEST_DENIED
2025-07-14 01:14:33,667 [AnyIO worker thread] INFO route-service - Rota isteði alýndý: Ýstanbul -> Ankara
2025-07-14 01:14:33,821 [AnyIO worker thread] ERROR route-service - Hata oluþtu: REQUEST_DENIED
2025-07-14 01:15:02,186 [AnyIO worker thread] INFO route-service - Rota isteði alýndý: Ýstanbul -> Ankara
2025-07-14 01:15:02,341 [AnyIO worker thread] ERROR route-service - Hata oluþtu: REQUEST_DENIED
2025-07-14 01:17:51,515 [AnyIO worker thread] INFO route-service - Rota isteði alýndý: Ýstanbul -> Ankara
2025-07-14 01:17:51,746 [AnyIO worker thread] ERROR route-service - Hata oluþtu: REQUEST_DENIED
2025-07-14 01:19:06,694 [AnyIO worker thread] INFO route-service - Rota isteði alýndý: Ýstanbul -> Ankara
2025-07-14 01:19:06,945 [AnyIO worker thread] ERROR route-service - Hata oluþtu: REQUEST_DENIED
2025-07-14 01:21:26,303 [AnyIO worker thread] INFO route-service - Rota isteði alýndý: Ýstanbul -> Ankara
2025-07-14 01:21:26,638 [AnyIO worker thread] ERROR route-service - Hata oluþtu: REQUEST_DENIED
2025-07-14 01:21:48,695 [AnyIO worker thread] INFO route-service - Rota isteði alýndý: Ýstanbul -> Ankara
2025-07-14 01:21:49,024 [AnyIO worker thread] ERROR route-service - Hata oluþtu: REQUEST_DENIED
2025-07-14 01:26:25,070 [AnyIO worker thread] INFO route-service - Rota isteði alýndý: Ýstanbul -> Ankara
2025-07-14 01:26:25,266 [AnyIO worker thread] ERROR route-service - Hata oluþtu: REQUEST_DENIED
2025-07-14 01:26:37,001 [AnyIO worker thread] INFO route-service - Rota isteði alýndý: Ýstanbul -> Ankara
2025-07-14 01:26:37,151 [AnyIO worker thread] ERROR route-service - Hata oluþtu: REQUEST_DENIED
2025-07-14 01:47:48,092 [AnyIO worker thread] ERROR route-service - Rota hesaplama hatasý: Google Maps API hatasý: REQUEST_DENIED - You must use an API key to authenticate each request to Google Maps Platform APIs. For additional information, please refer to http://g.co/dev/maps-no-account
2025-07-14 01:48:27,477 [AnyIO worker thread] ERROR route-service - Rota hesaplama hatasý: Google Maps API hatasý: REQUEST_DENIED - You must use an API key to authenticate each request to Google Maps Platform APIs. For additional information, please refer to http://g.co/dev/maps-no-account
2025-07-14 01:49:22,353 [AnyIO worker thread] ERROR route-service - Rota hesaplama hatasý: Google Maps API hatasý: REQUEST_DENIED - You must use an API key to authenticate each request to Google Maps Platform APIs. For additional information, please refer to http://g.co/dev/maps-no-account
2025-07-14 01:55:38,042 [AnyIO worker thread] ERROR route-service - Rota hesaplama hatasý: API key bulunamadý!
2025-07-14 18:24:07,893 [AnyIO worker thread] ERROR route-service - Rota planlama hatasý: Google Maps API hatasý: REQUEST_DENIED - You must use an API key to authenticate each request to Google Maps Platform APIs. For additional information, please refer to http://g.co/dev/maps-no-account
2025-07-14 18:35:32,197 [AnyIO worker thread] ERROR route-service - Rota planlama hatasý: Google Maps API hatasý: REQUEST_DENIED - You must use an API key to authenticate each request to Google Maps Platform APIs. For additional information, please refer to http://g.co/dev/maps-no-account
2025-07-14 18:37:57,763 [AnyIO worker thread] ERROR route-service - Rota planlama hatasý: Google Maps API hatasý: REQUEST_DENIED - You must use an API key to authenticate each request to Google Maps Platform APIs. For additional information, please refer to http://g.co/dev/maps-no-account
2025-07-14 18:38:33,933 [AnyIO worker thread] ERROR route-service - Rota planlama hatasý: Google Maps API hatasý: REQUEST_DENIED - You must use an API key to authenticate each request to Google Maps Platform APIs. For additional information, please refer to http://g.co/dev/maps-no-account
2025-07-14 18:38:59,492 [AnyIO worker thread] ERROR route-service - Rota planlama hatasý: Error 10061 connecting to localhost:6379. Hedef makine etkin olarak reddettiðinden baðlantý kurulamadý.
2025-07-14 18:39:25,123 [AnyIO worker thread] ERROR route-service - Rota planlama hatasý: Error 10061 connecting to localhost:6379. Hedef makine etkin olarak reddettiðinden baðlantý kurulamadý.
2025-07-17 18:48:53,828 [AnyIO worker thread] ERROR route-service - Rota planlama hatasý: Google Maps API hatasý: REQUEST_DENIED - You must use an API key to authenticate each request to Google Maps Platform APIs. For additional information, please refer to http://g.co/dev/maps-no-account
2025-07-17 18:55:39,883 [AnyIO worker thread] ERROR route-service - Rota planlama hatasý: Google Maps API hatasý: REQUEST_DENIED - You must use an API key to authenticate each request to Google Maps Platform APIs. For additional information, please refer to http://g.co/dev/maps-no-account
2025-07-17 18:55:48,327 [AnyIO worker thread] ERROR route-service - Rota planlama hatasý: Google Maps API hatasý: REQUEST_DENIED - You must use an API key to authenticate each request to Google Maps Platform APIs. For additional information, please refer to http://g.co/dev/maps-no-account
2025-07-17 18:55:53,714 [AnyIO worker thread] ERROR route-service - Rota planlama hatasý: Google Maps API hatasý: REQUEST_DENIED - You must use an API key to authenticate each request to Google Maps Platform APIs. For additional information, please refer to http://g.co/dev/maps-no-account
2025-07-17 18:55:57,537 [AnyIO worker thread] ERROR route-service - Rota planlama hatasý: Google Maps API hatasý: REQUEST_DENIED - You must use an API key to authenticate each request to Google Maps Platform APIs. For additional information, please refer to http://g.co/dev/maps-no-account
2025-07-17 18:56:02,327 [AnyIO worker thread] ERROR route-service - Rota planlama hatasý: Google Maps API hatasý: REQUEST_DENIED - You must use an API key to authenticate each request to Google Maps Platform APIs. For additional information, please refer to http://g.co/dev/maps-no-account
2025-07-17 18:56:29,982 [AnyIO worker thread] ERROR route-service - Rota planlama hatasý: Google Maps API hatasý: REQUEST_DENIED - You must use an API key to authenticate each request to Google Maps Platform APIs. For additional information, please refer to http://g.co/dev/maps-no-account
